STEP: Preprocessing BGL.log with Drain3
Reading and parsing: /Users/mintughosh/msc_dissertation/data/raw/BGL/BGL.log
  Processed 500,000 lines... (233 templates so far)
  Processed 1,000,000 lines... (298 templates so far)
  Processed 1,500,000 lines... (339 templates so far)
  Processed 2,000,000 lines... (367 templates so far)
  Processed 2,500,000 lines... (401 templates so far)
  Processed 3,000,000 lines... (459 templates so far)
  Processed 3,500,000 lines... (540 templates so far)
  Processed 4,000,000 lines... (677 templates so far)
  Processed 4,500,000 lines... (890 templates so far)
Finished parsing. Total lines: 4,747,963, skipped (malformed): 0
Total unique templates discovered: 987
Saving structured log and template list...
  Saved: /Users/mintughosh/msc_dissertation/src/../data/processed/BGL/BGL_structured.csv (4,747,963 rows)
  Saved: /Users/mintughosh/msc_dissertation/src/../data/processed/BGL/BGL_templates.csv (987 templates)
Building fixed-size windows of 100 lines...
  Built 5,000/47,480 windows...
  Built 10,000/47,480 windows...
  Built 15,000/47,480 windows...
  Built 20,000/47,480 windows...
  Built 25,000/47,480 windows...
  Built 30,000/47,480 windows...
  Built 35,000/47,480 windows...
  Built 40,000/47,480 windows...
  Built 45,000/47,480 windows...
  Saved: /Users/mintughosh/msc_dissertation/src/../data/processed/BGL/BGL_event_occurrence_matrix.csv (47,480 windows, 987 event columns)
  Anomalous windows: 4,803 / 47,480 (10.12%)

STEP COMPLETE: BGL preprocessing finished successfully

